// Jest Snapshot v1, https://goo.gl/fbAQLP

exports[`it renders correctly 1`] = `
<div>
  <button
    class="govuk-button lbh-button"
  >
    Preview dialog
  </button>
</div>
`;
