// Jest Snapshot v1, https://goo.gl/fbAQLP

exports[`it renders correctly 1`] = `
<div>
  <input
    aria-valuenow="NaN"
    class="govuk-input lbh-input"
    value=""
  />
</div>
`;
